//Instantiating a SimpleAnonymousInnerClass that extends an Interface should not give an error //[1]
//[2]
interface MyInterface { //[3]
  int myMethod(); //[4]
} //[5]
//[6]
class TestClass { //[7]
  MyInterface i = new MyInterface() { //[8]
    public int myMethod() { //[9]
      return 42; //[10]
    } //[11]
  }; //[12]
}  //[13]
   //[14]