//Instantiating a ComplexAnonymousInnerClass that extends an Interface should not give an error //[1]
//[2]
//[3]
//[4]
interface MyInterface2 { //[5]
  interface MyInnerInterface { //[6]
    int myMethod(); //[7]
  } //[8]
} //[9]
//[10]
class TestClass2 { //[11]
  MyInterface2.MyInnerInterface i = new MyInterface2.MyInnerInterface() { //[12]
    public int myMethod() { //[13]
      return 42; //[14]
    } //[15]
  }; //[16]
}  //[17]
   //[18]