//makes sure that if method uses final field before constructor that assigns it a value, no error is given //[1]
//[2]
class TheCoolestClassEver { //[3]
  final String sunglasses; //[4]
  final int goldChain; //[5]
  //[6]
  void stare() { //[7]
    System.out.println(sunglasses); //[8]
  } //[9]
  //[10]
  public TheCoolestClassEver() { //[11]
    sunglasses = "dark shades stare back at you"; //[12]
    goldChain = 42; //[13]
  } //[14]
} //[15]