//This makes sure that you can use an unqualified name to reference an InnerClass from within a method. //[1]
// (when the class is defined b/f the method) //[2]
//[3]
class FormalParamPartialReference2 { //[4]
//[5]
  class MyInnerClass { //[6]
    //[7]
  } //[8]
//[9]
  //[10]
  void myMethod(MyInnerClass a) { //[11]
    MyInnerClass c = a; //[12]
  } //[13]
//[14]
  //[15]
    //[16]
} //[17]
//[18]
    //[19]
//[20]
  //[21]
//[22]
  
