// Test switch statements.  Should compile. //[1]
//[2]
class FunWithSwitches { //[3]
//[4]
  boolean method(int x, char y) { //[5]
  //[6]
    switch(x) { //[7]
      case 0: //[8]
        return true; //[9]
        //[10]
      case 1: //[11]
        boolean result = x + y * 3 > 27; //[12]
        return result; //[13]
        //[14]
      case 'q': //[15]
        break; //[16]
    //[17]
      default: //[18]
        return false; //[19]
        //[20]
    } //[21]
   //[22]
    boolean returnMe; //[23]
    //[24]
    switch(y) { //[25]
      case 0: //[26]
        returnMe = true; //[27]
        break; //[28]
        //[29]
      case 26: //[30]
      case 'z': //[31]
        returnMe = false; //[32]
        break; //[33]
        //[34]
      default: //[35]
        returnMe = false; //[36]
        return true; //[37]
    } //[38]
    //[39]
    return returnMe; //[40]
  //[41]
  } //[42]
//[43]
}
