// Language Level Converter line number map: dj*->java. Entries: 12
//     1->4         2->5         3->6         4->7         5->8         6->9         7->10        8->11   
//     9->12       10->13       11->14       12->15   
//can assign an int array to an Object.

class testArraysObject {
//  Integer[][] i = {{1, 2, 3}};
  Object o = new int[] {1, 2, 3};
  int j;
  void myMethod() {
    
    java.lang.Integer[] i2 = {j = 5};
  }

}
