package forAdvancedLevelTest; //[1]
import forAdvancedLevelTest.importedFiles.ToReference; //[2]
import forAdvancedLevelTest.importedFiles.IsItPackageAndImport; //[3]
//[4]
//this tests that if you have specifically imported a file, but you have a file in your package, //[5]
//the one in your package is used. //[6]
class TestImportStuff { //[7]
  ToReference tr; //[8]
  IsItPackageAndImport iipai; //[9]
  //[10]
  //[11]
  String printField() { //[12]
    System.out.println(iipai.toString()); //[13]
    return tr.toString(); //[14]
  } //[15]
  //[16]
  int callMethod() {  //[17]
    return tr.yourMethod(); //[18]
  } //[19]
  //[20]
}
