package forAdvancedLevelTest; //[1]
import forAdvancedLevelTest.importedFiles.ToReference; //[2]
import forAdvancedLevelTest.importedFiles2.*; //[3]
//[4]
//this tests that if you have specifically imported a file, but you have a file in your package and have generally imported the same class name, //[5]
//the specifically imported one is used. //[6]
class TestImportStuff2 { //[7]
  ToReference tr; //[8]
  //[9]
  //[10]
  String printField() { //[11]
    return tr.toString(); //[12]
  } //[13]
  //[14]
  int callMethod() {  //[15]
    return tr.yourMethod(); //[16]
  } //[17]
  //[18]
}
